warning: 'nimble': found 1 file(s) which are unhandled; explicitly declare them as resources or exclude from the target
    /Users/muhittincamdali/Desktop/Claude Projects/GitHub/SwiftAI/.build/checkouts/Nimble/Sources/Nimble/PrivacyInfo.xcprivacy
warning: 'quick': found 1 file(s) which are unhandled; explicitly declare them as resources or exclude from the target
    /Users/muhittincamdali/Desktop/Claude Projects/GitHub/SwiftAI/.build/checkouts/Quick/Sources/Quick/PrivacyInfo.xcprivacy
[0/1] Planning build
[1/1] Compiling plugin LintCommandPlugin
[2/2] Compiling plugin LintWarning
[3/3] Compiling plugin LintError
[4/4] Compiling plugin DefocusCommandPlugin
[5/5] Compiling plugin GenerateManual
[6/6] Compiling plugin GenerateDoccReference
Building for debugging...
[6/30] Write sources
[7/30] Copying PrivacyInfo.xcprivacy
[7/30] Write sources
[7/30] Copying PrivacyInfo.xcprivacy
[7/30] Write sources
[28/30] Compiling _NumericsShims _NumericsShims.c
[29/30] Write swift-version--58304C5D6DBC2206.txt
[31/216] Compiling InternalCollectionsUtilities RandomAccessCollection+Offsets.swift
[32/216] Compiling InternalCollectionsUtilities _SortedCollection.swift
[33/216] Compiling InternalCollectionsUtilities _UniqueCollection.swift
[34/216] Compiling InternalCollectionsUtilities Descriptions.swift
[35/216] Compiling InternalCollectionsUtilities Debugging.swift
[36/216] Compiling RealModule RealFunctions.swift
[37/216] Compiling RealModule Float16+Real.swift
[38/216] Compiling RealModule Real.swift
[39/216] Emitting module InternalCollectionsUtilities
[40/216] Compiling InternalCollectionsUtilities UInt+first and last set bit.swift
[41/216] Compiling InternalCollectionsUtilities UInt+reversed.swift
[42/216] Compiling InternalCollectionsUtilities UnsafeBufferPointer+Extras.swift
[43/216] Compiling InternalCollectionsUtilities UnsafeMutableBufferPointer+Extras.swift
[44/216] Compiling RealModule Float+Real.swift
[45/216] Compiling RealModule ApproximateEquality.swift
[46/216] Compiling RealModule Float80+Real.swift
[47/216] Compiling RealModule AlgebraicField.swift
[48/216] Compiling RealModule ElementaryFunctions.swift
[49/216] Compiling RealModule AugmentedArithmetic.swift
[50/216] Compiling RealModule Double+Real.swift
[51/216] Emitting module RealModule
[52/216] Compiling InternalCollectionsUtilities FixedWidthInteger+roundUpToPowerOfTwo.swift
[53/216] Compiling InternalCollectionsUtilities Integer rank.swift
[54/216] Compiling InternalCollectionsUtilities _UnsafeBitSet+Index.swift
[55/216] Compiling InternalCollectionsUtilities _UnsafeBitSet+_Word.swift
[56/216] Compiling InternalCollectionsUtilities _UnsafeBitSet.swift
[57/541] Compiling DequeModule Deque+Testing.swift
[58/541] Compiling DequeModule _DequeSlot.swift
[59/541] Compiling DequeModule Deque+CustomReflectable.swift
[60/541] Compiling DequeModule _DequeBufferHeader.swift
[61/541] Compiling DequeModule Deque+Equatable.swift
[62/541] Compiling DequeModule Deque+Descriptions.swift
[63/541] Compiling DequeModule Deque.swift
[64/541] Compiling DequeModule _DequeBuffer.swift
[65/541] Compiling DequeModule Deque._Storage.swift
[66/542] Compiling HeapModule Heap+Invariants.swift
[67/542] Compiling HeapModule Heap.swift
[68/542] Compiling HeapModule _HeapNode.swift
[69/542] Compiling HeapModule Heap+UnsafeHandle.swift
[70/542] Compiling HashTreeCollections _HashNode+Subtree Insertions.swift
[71/542] Compiling HashTreeCollections _HashNode+Subtree Modify.swift
[72/542] Compiling HashTreeCollections _HashNode+Subtree Removals.swift
[73/542] Compiling HashTreeCollections _UnmanagedHashNode.swift
[74/542] Compiling HashTreeCollections _UnsafePath.swift
[75/542] Compiling HashTreeCollections TreeDictionary+Codable.swift
[76/542] Compiling HashTreeCollections _HashNode+Structural union.swift
[77/542] Compiling HashTreeCollections _HashNode+UnsafeHandle.swift
[78/542] Compiling HashTreeCollections _HashNode.swift
[79/542] Compiling HashTreeCollections _HashNodeHeader.swift
[80/542] Compiling HashTreeCollections _HashSlot.swift
[81/545] Compiling HashTreeCollections TreeSet+Descriptions.swift
[82/545] Compiling HashTreeCollections TreeSet+Equatable.swift
[83/545] Compiling HashTreeCollections TreeSet+ExpressibleByArrayLiteral.swift
[84/545] Compiling HashTreeCollections TreeSet+Extras.swift
[85/545] Compiling HashTreeCollections TreeSet+Filter.swift
[86/550] Compiling HeapModule Heap+ExpressibleByArrayLiteral.swift
[87/550] Emitting module HeapModule
[88/550] Compiling HeapModule Heap+Descriptions.swift
[89/550] Compiling HashTreeCollections TreeSet+Hashable.swift
[90/550] Compiling HashTreeCollections TreeSet+Sendable.swift
[91/550] Compiling HashTreeCollections TreeSet+Sequence.swift
[92/550] Compiling HashTreeCollections TreeSet+SetAlgebra Initializers.swift
[93/550] Compiling HashTreeCollections TreeSet+SetAlgebra basics.swift
[94/550] Compiling HashTreeCollections TreeDictionary+Collection.swift
[95/550] Compiling HashTreeCollections TreeDictionary+CustomReflectable.swift
[96/550] Compiling HashTreeCollections TreeDictionary+Debugging.swift
[97/550] Compiling HashTreeCollections TreeDictionary+Descriptions.swift
[98/550] Compiling HashTreeCollections TreeDictionary+Equatable.swift
[99/550] Compiling HashTreeCollections _Hash.swift
[100/550] Compiling HashTreeCollections _HashLevel.swift
[101/550] Compiling HashTreeCollections _HashNode+Builder.swift
[102/550] Compiling HashTreeCollections _HashNode+Primitive Replacement.swift
[103/550] Compiling HashTreeCollections _HashNode+Storage.swift
[104/550] Compiling HashTreeCollections _HashNode+Structural compactMapValues.swift
[105/550] Compiling HashTreeCollections _HashNode+Structural filter.swift
[109/550] Compiling HashTreeCollections _Bitmap.swift
[110/550] Compiling HashTreeCollections _Bucket.swift
[117/553] Compiling DequeModule _UnsafeWrappedBuffer.swift
[118/553] Compiling ComplexModule Differentiable.swift
[119/553] Compiling ComplexModule Complex.swift
[120/553] Compiling ComplexModule Arithmetic.swift
[121/553] Emitting module ComplexModule
[122/553] Compiling ComplexModule ElementaryFunctions.swift
[125/553] Compiling HashTreeCollections _HashNode+Structural isEqualSet.swift
[126/553] Compiling HashTreeCollections _HashNode+Structural isSubset.swift
[127/557] Compiling HashTreeCollections _AncestorHashSlots.swift
[130/557] Emitting module BitCollections
[131/557] Compiling BitCollections Slice+Utilities.swift
[132/557] Compiling BitCollections UInt+Tricks.swift
[133/557] Compiling OrderedCollections OrderedSet+UnstableInternals.swift
[134/557] Compiling HashTreeCollections _HashNode+Structural intersection.swift
[135/557] Compiling HashTreeCollections _HashNode+Structural isDisjoint.swift
[141/557] Compiling HashTreeCollections _HashNode+Structural subtracting.swift
[142/557] Compiling HashTreeCollections _HashNode+Structural symmetricDifference.swift
[143/557] Compiling HashTreeCollections TreeDictionary+MapValues.swift
[144/557] Compiling HashTreeCollections TreeDictionary+Merge.swift
[151/557] Compiling HashTreeCollections _HashNode+Structural mapValues.swift
[152/557] Compiling HashTreeCollections _HashNode+Structural merge.swift
[153/557] Compiling HashTreeCollections TreeSet+SetAlgebra subtract.swift
[154/557] Compiling HashTreeCollections TreeSet+SetAlgebra subtracting.swift
[155/557] Compiling HashTreeCollections TreeSet+SetAlgebra symmetricDifference.swift
[156/557] Compiling HashTreeCollections TreeSet+SetAlgebra union.swift
[157/557] Compiling HashTreeCollections TreeSet.swift
[158/557] Compiling HashTreeCollections TreeSet+SetAlgebra formUnion.swift
[159/557] Compiling HashTreeCollections TreeSet+SetAlgebra intersection.swift
[160/557] Compiling HashTreeCollections TreeSet+SetAlgebra isDisjoint.swift
[161/557] Compiling HashTreeCollections TreeDictionary.swift
[162/557] Compiling HashTreeCollections TreeSet+Codable.swift
[163/557] Compiling DequeModule Deque+Extras.swift
[164/557] Compiling DequeModule Deque._UnsafeHandle.swift
[165/557] Compiling DequeModule Deque+Hashable.swift
[166/557] Compiling DequeModule Deque+ExpressibleByArrayLiteral.swift
[167/557] Compiling DequeModule Deque+Collection.swift
[170/558] Compiling CoreMetrics Locks.swift
[171/558] Emitting module CoreMetrics
[172/558] Compiling CoreMetrics Metrics.swift
[177/560] Compiling HashTreeCollections TreeSet+SetAlgebra isStrictSubset.swift
[178/560] Compiling HashTreeCollections TreeSet+SetAlgebra isStrictSuperset.swift
[179/560] Compiling HashTreeCollections TreeSet+SetAlgebra isSubset.swift
[180/560] Compiling HashTreeCollections TreeSet+SetAlgebra isSuperset.swift
[181/560] Compiling HashTreeCollections TreeDictionary+Sendable.swift
[182/560] Compiling HashTreeCollections TreeDictionary+Sequence.swift
[183/560] Compiling HashTreeCollections TreeDictionary+Values.swift
[184/560] Compiling HashTreeCollections TreeSet+SetAlgebra isEqualSet.swift
[189/560] Compiling HashTreeCollections _RawHashNode+UnsafeHandle.swift
[190/560] Compiling HashTreeCollections _RawHashNode.swift
[229/560] Compiling Logging LogHandler.swift
[230/560] Compiling Logging MetadataProvider.swift
[231/560] Compiling Logging Locks.swift
[232/560] Emitting module Logging
[233/560] Compiling Logging Logging.swift
[234/560] Emitting module Numerics
[235/560] Compiling Numerics Numerics.swift
[241/562] Compiling DequeModule Deque+Codable.swift
[242/562] Emitting module DequeModule
[251/562] Compiling Algorithms Unique.swift
[252/562] Compiling Algorithms Suffix.swift
[263/562] Compiling Algorithms Trim.swift
[264/562] Compiling Algorithms Stride.swift
[274/562] Compiling OrderedCollections OrderedSet.swift
[275/562] Compiling OrderedCollections _UnsafeBitset.swift
[288/562] Compiling _RopeModule Optional Utilities.swift
[289/562] Compiling _RopeModule String Utilities.swift
[290/562] Compiling _RopeModule String.Index+ABI.swift
[291/562] Compiling _RopeModule _CharacterRecognizer.swift
[292/562] Compiling Algorithms Windows.swift
[303/562] Compiling HashTreeCollections _HashNode+Invariants.swift
[308/562] Compiling HashTreeCollections _HashNode+Lookups.swift
[309/562] Compiling HashTreeCollections _HashNode+Primitive Insertions.swift
[310/562] Compiling HashTreeCollections _HashNode+Primitive Removals.swift
[311/562] Compiling HashTreeCollections TreeSet+SetAlgebra formIntersection.swift
[312/562] Compiling HashTreeCollections TreeSet+SetAlgebra formSymmetricDifference.swift
[325/562] Compiling HashTreeCollections TreeDictionary+Filter.swift
[326/562] Compiling HashTreeCollections TreeDictionary+Hashable.swift
[327/562] Compiling HashTreeCollections TreeDictionary+Initializers.swift
[328/562] Compiling HashTreeCollections TreeDictionary+Keys.swift
[381/562] Emitting module OrderedCollections
[406/610] Emitting module _RopeModule
[407/610] Emitting module Algorithms
[408/610] Compiling AsyncAlgorithms AsyncThrowingInclusiveReductionsSequence.swift
[409/610] Compiling AsyncAlgorithms AsyncTimerSequence.swift
[410/610] Compiling AsyncAlgorithms AsyncBufferSequence.swift
[411/613] Compiling AsyncAlgorithms SetAlgebra.swift
[412/613] Compiling AsyncAlgorithms UnsafeTransfer.swift
[413/613] Compiling AsyncAlgorithms AsyncZip2Sequence.swift
[414/613] Compiling AsyncAlgorithms AsyncSyncSequence.swift
[415/613] Compiling AsyncAlgorithms AsyncThrottleSequence.swift
[416/613] Compiling AsyncAlgorithms AsyncThrowingExclusiveReductionsSequence.swift
[417/613] Compiling AsyncAlgorithms AsyncCompactedSequence.swift
[418/613] Compiling AsyncAlgorithms AsyncExclusiveReductionsSequence.swift
[419/613] Compiling AsyncAlgorithms AsyncInclusiveReductionsSequence.swift
[420/613] Compiling AsyncAlgorithms AsyncAdjacentPairsSequence.swift
[421/613] Compiling AsyncAlgorithms AsyncBufferedByteIterator.swift
[422/613] Compiling AsyncAlgorithms AsyncChain2Sequence.swift
[423/613] Compiling AsyncAlgorithms AsyncChain3Sequence.swift
[424/613] Emitting module HashTreeCollections
[425/613] Compiling AsyncAlgorithms ChannelStateMachine.swift
[426/613] Compiling AsyncAlgorithms ChannelStorage.swift
[427/613] Compiling AsyncAlgorithms AsyncCombineLatest2Sequence.swift
[428/613] Compiling AsyncAlgorithms Dictionary.swift
[429/613] Compiling AsyncAlgorithms AsyncInterspersedSequence.swift
[430/613] Compiling AsyncAlgorithms Locking.swift
[431/613] Compiling AsyncAlgorithms BoundedBufferStateMachine.swift
[432/613] Compiling AsyncAlgorithms BoundedBufferStorage.swift
[433/613] Compiling AsyncAlgorithms UnboundedBufferStateMachine.swift
[434/613] Compiling AsyncAlgorithms AsyncJoinedBySeparatorSequence.swift
[435/613] Compiling AsyncAlgorithms AsyncJoinedSequence.swift
[436/613] Compiling AsyncAlgorithms AsyncRemoveDuplicatesSequence.swift
[437/615] Emitting module Collections
[438/615] Compiling Collections Collections.swift
[439/615] Emitting module AsyncAlgorithms
[440/615] Compiling AsyncAlgorithms AsyncDebounceSequence.swift
[441/615] Compiling AsyncAlgorithms DebounceStateMachine.swift
[442/615] Compiling AsyncAlgorithms DebounceStorage.swift
[443/615] Compiling AsyncAlgorithms MergeStorage.swift
[444/615] Compiling AsyncAlgorithms RangeReplaceableCollection.swift
[445/615] Compiling AsyncAlgorithms Rethrow.swift
[446/615] Compiling AsyncAlgorithms AsyncChunkedByGroupSequence.swift
[447/615] Compiling AsyncAlgorithms AsyncChunkedOnProjectionSequence.swift
[448/615] Compiling AsyncAlgorithms AsyncChunksOfCountOrSignalSequence.swift
[449/615] Compiling AsyncAlgorithms AsyncChunksOfCountSequence.swift
[450/615] Compiling AsyncAlgorithms AsyncMerge2Sequence.swift
[451/615] Compiling AsyncAlgorithms AsyncMerge3Sequence.swift
[452/615] Compiling AsyncAlgorithms MergeStateMachine.swift
[453/615] Compiling AsyncAlgorithms UnboundedBufferStorage.swift
[454/615] Compiling AsyncAlgorithms AsyncChannel.swift
[455/615] Compiling AsyncAlgorithms AsyncThrowingChannel.swift
[456/615] Compiling AsyncAlgorithms AsyncCombineLatest3Sequence.swift
[457/615] Compiling AsyncAlgorithms CombineLatestStateMachine.swift
[458/615] Compiling AsyncAlgorithms CombineLatestStorage.swift
[459/615] Compiling AsyncAlgorithms AsyncZip3Sequence.swift
[460/615] Compiling AsyncAlgorithms ZipStateMachine.swift
[461/615] Compiling AsyncAlgorithms ZipStorage.swift
[462/615] Emitting module Alamofire
[469/617] Emitting module Metrics
[470/617] Compiling Metrics Metrics.swift
[471/617] Compiling CryptoSwift PKCS5.swift
[472/617] Compiling CryptoSwift PKCS7.swift
[473/617] Compiling CryptoSwift PKCS7Padding.swift
[474/617] Compiling CryptoSwift Padding.swift
[475/617] Compiling CryptoSwift Poly1305.swift
[476/617] Compiling CryptoSwift RSA+Cipher.swift
[477/617] Compiling CryptoSwift RSA+Signature.swift
[478/624] Compiling CryptoSwift Comparable.swift
[479/624] Compiling CryptoSwift DataConversion.swift
[480/624] Compiling CryptoSwift Division.swift
[481/624] Compiling CryptoSwift Exponentiation.swift
[482/624] Compiling CryptoSwift FloatingPointConversion.swift
[483/624] Compiling CryptoSwift GCD.swift
[484/624] Compiling CryptoSwift Hashable.swift
[520/624] Compiling Alamofire Validation.swift
[521/624] Compiling Alamofire resource_bundle_accessor.swift
[522/624] Compiling KeychainAccess Keychain.swift
[523/624] Emitting module KeychainAccess
[524/624] Emitting module CryptoSwift
[525/624] Compiling CryptoSwift UInt64+Extension.swift
[526/624] Compiling CryptoSwift UInt8+Extension.swift
[527/624] Compiling CryptoSwift Updatable.swift
[528/624] Compiling CryptoSwift Utils.swift
[529/624] Compiling CryptoSwift XChaCha20.swift
[530/624] Compiling CryptoSwift ZeroPadding.swift
[531/624] Compiling CryptoSwift resource_bundle_accessor.swift
[595/624] Compiling CryptoSwift SecureBytes.swift
[604/624] Compiling CryptoSwift Signature.swift
[605/624] Compiling CryptoSwift StreamDecryptor.swift
[606/624] Compiling CryptoSwift StreamEncryptor.swift
[607/624] Compiling CryptoSwift String+Extension.swift
[608/624] Compiling CryptoSwift UInt128.swift
[609/624] Compiling CryptoSwift UInt16+Extension.swift
[610/624] Compiling CryptoSwift UInt32+Extension.swift
error: emit-module command failed with exit code 1 (use -v to see invocation)
[625/649] Emitting module SwiftAI
/Users/muhittincamdali/Desktop/Claude Projects/GitHub/SwiftAI/Sources/SwiftAI/Application/Coordinators/AppCoordinator.swift:5:8: error: no such module 'UIKit'
  3 | // Enterprise-Grade Application Coordinator for Navigation Flow
  4 | 
  5 | import UIKit
    |        `- error: no such module 'UIKit'
  6 | import SwiftUI
  7 | import Combine
[626/649] Compiling SwiftAI ContentView.swift
/Users/muhittincamdali/Desktop/Claude Projects/GitHub/SwiftAI/Sources/SwiftAI/Application/Coordinators/AppCoordinator.swift:5:8: error: no such module 'UIKit'
  3 | // Enterprise-Grade Application Coordinator for Navigation Flow
  4 | 
  5 | import UIKit
    |        `- error: no such module 'UIKit'
  6 | import SwiftUI
  7 | import Combine
[627/649] Compiling SwiftAI AIMainView.swift
/Users/muhittincamdali/Desktop/Claude Projects/GitHub/SwiftAI/Sources/SwiftAI/Application/Coordinators/AppCoordinator.swift:5:8: error: no such module 'UIKit'
  3 | // Enterprise-Grade Application Coordinator for Navigation Flow
  4 | 
  5 | import UIKit
    |        `- error: no such module 'UIKit'
  6 | import SwiftUI
  7 | import Combine
[628/649] Compiling SwiftAI AITrainingView.swift
/Users/muhittincamdali/Desktop/Claude Projects/GitHub/SwiftAI/Sources/SwiftAI/Application/Coordinators/AppCoordinator.swift:5:8: error: no such module 'UIKit'
  3 | // Enterprise-Grade Application Coordinator for Navigation Flow
  4 | 
  5 | import UIKit
    |        `- error: no such module 'UIKit'
  6 | import SwiftUI
  7 | import Combine
[629/649] Compiling SwiftAI AIViewModel.swift
/Users/muhittincamdali/Desktop/Claude Projects/GitHub/SwiftAI/Sources/SwiftAI/Application/Coordinators/AppCoordinator.swift:5:8: error: no such module 'UIKit'
  3 | // Enterprise-Grade Application Coordinator for Navigation Flow
  4 | 
  5 | import UIKit
    |        `- error: no such module 'UIKit'
  6 | import SwiftUI
  7 | import Combine
[630/649] Compiling SwiftAI BaseViewModel.swift
/Users/muhittincamdali/Desktop/Claude Projects/GitHub/SwiftAI/Sources/SwiftAI/Application/Coordinators/AppCoordinator.swift:5:8: error: no such module 'UIKit'
  3 | // Enterprise-Grade Application Coordinator for Navigation Flow
  4 | 
  5 | import UIKit
    |        `- error: no such module 'UIKit'
  6 | import SwiftUI
  7 | import Combine
[631/649] Compiling SwiftAI AIInferenceView.swift
/Users/muhittincamdali/Desktop/Claude Projects/GitHub/SwiftAI/Sources/SwiftAI/Application/Coordinators/AppCoordinator.swift:5:8: error: no such module 'UIKit'
  3 | // Enterprise-Grade Application Coordinator for Navigation Flow
  4 | 
  5 | import UIKit
    |        `- error: no such module 'UIKit'
  6 | import SwiftUI
  7 | import Combine
[632/650] Compiling SwiftAI ProcessAIRequestUseCase.swift
/Users/muhittincamdali/Desktop/Claude Projects/GitHub/SwiftAI/Sources/SwiftAI/Application/Coordinators/AppCoordinator.swift:5:8: error: no such module 'UIKit'
  3 | // Enterprise-Grade Application Coordinator for Navigation Flow
  4 | 
  5 | import UIKit
    |        `- error: no such module 'UIKit'
  6 | import SwiftUI
  7 | import Combine
[633/650] Compiling SwiftAI AnalyticsManager.swift
/Users/muhittincamdali/Desktop/Claude Projects/GitHub/SwiftAI/Sources/SwiftAI/Application/Coordinators/AppCoordinator.swift:5:8: error: no such module 'UIKit'
  3 | // Enterprise-Grade Application Coordinator for Navigation Flow
  4 | 
  5 | import UIKit
    |        `- error: no such module 'UIKit'
  6 | import SwiftUI
  7 | import Combine
[634/650] Compiling SwiftAI AIConfiguration.swift
/Users/muhittincamdali/Desktop/Claude Projects/GitHub/SwiftAI/Sources/SwiftAI/Application/Coordinators/AppCoordinator.swift:5:8: error: no such module 'UIKit'
  3 | // Enterprise-Grade Application Coordinator for Navigation Flow
  4 | 
  5 | import UIKit
    |        `- error: no such module 'UIKit'
  6 | import SwiftUI
  7 | import Combine
[635/650] Compiling SwiftAI AIModel.swift
/Users/muhittincamdali/Desktop/Claude Projects/GitHub/SwiftAI/Sources/SwiftAI/Application/Coordinators/AppCoordinator.swift:5:8: error: no such module 'UIKit'
  3 | // Enterprise-Grade Application Coordinator for Navigation Flow
  4 | 
  5 | import UIKit
    |        `- error: no such module 'UIKit'
  6 | import SwiftUI
  7 | import Combine
[636/650] Compiling SwiftAI APIClient.swift
/Users/muhittincamdali/Desktop/Claude Projects/GitHub/SwiftAI/Sources/SwiftAI/Application/Coordinators/AppCoordinator.swift:5:8: error: no such module 'UIKit'
  3 | // Enterprise-Grade Application Coordinator for Navigation Flow
  4 | 
  5 | import UIKit
    |        `- error: no such module 'UIKit'
  6 | import SwiftUI
  7 | import Combine
[637/650] Compiling SwiftAI CoreDataStack.swift
/Users/muhittincamdali/Desktop/Claude Projects/GitHub/SwiftAI/Sources/SwiftAI/Application/Coordinators/AppCoordinator.swift:5:8: error: no such module 'UIKit'
  3 | // Enterprise-Grade Application Coordinator for Navigation Flow
  4 | 
  5 | import UIKit
    |        `- error: no such module 'UIKit'
  6 | import SwiftUI
  7 | import Combine
[638/650] Compiling SwiftAI DependencyContainer.swift
/Users/muhittincamdali/Desktop/Claude Projects/GitHub/SwiftAI/Sources/SwiftAI/Application/Coordinators/AppCoordinator.swift:5:8: error: no such module 'UIKit'
  3 | // Enterprise-Grade Application Coordinator for Navigation Flow
  4 | 
  5 | import UIKit
    |        `- error: no such module 'UIKit'
  6 | import SwiftUI
  7 | import Combine
[639/650] Compiling SwiftAI Extensions.swift
/Users/muhittincamdali/Desktop/Claude Projects/GitHub/SwiftAI/Sources/SwiftAI/Application/Coordinators/AppCoordinator.swift:5:8: error: no such module 'UIKit'
  3 | // Enterprise-Grade Application Coordinator for Navigation Flow
  4 | 
  5 | import UIKit
    |        `- error: no such module 'UIKit'
  6 | import SwiftUI
  7 | import Combine
[640/650] Compiling SwiftAI AIManager.swift
/Users/muhittincamdali/Desktop/Claude Projects/GitHub/SwiftAI/Sources/SwiftAI/Application/Coordinators/AppCoordinator.swift:5:8: error: no such module 'UIKit'
  3 | // Enterprise-Grade Application Coordinator for Navigation Flow
  4 | 
  5 | import UIKit
    |        `- error: no such module 'UIKit'
  6 | import SwiftUI
  7 | import Combine
[641/650] Compiling SwiftAI AppCoordinator.swift
/Users/muhittincamdali/Desktop/Claude Projects/GitHub/SwiftAI/Sources/SwiftAI/Application/Coordinators/AppCoordinator.swift:5:8: error: no such module 'UIKit'
  3 | // Enterprise-Grade Application Coordinator for Navigation Flow
  4 | 
  5 | import UIKit
    |        `- error: no such module 'UIKit'
  6 | import SwiftUI
  7 | import Combine
[642/650] Compiling SwiftAI AIModelEntity.swift
/Users/muhittincamdali/Desktop/Claude Projects/GitHub/SwiftAI/Sources/SwiftAI/Application/Coordinators/AppCoordinator.swift:5:8: error: no such module 'UIKit'
  3 | // Enterprise-Grade Application Coordinator for Navigation Flow
  4 | 
  5 | import UIKit
    |        `- error: no such module 'UIKit'
  6 | import SwiftUI
  7 | import Combine
[643/650] Compiling SwiftAI RepositoryProtocols.swift
/Users/muhittincamdali/Desktop/Claude Projects/GitHub/SwiftAI/Sources/SwiftAI/Application/Coordinators/AppCoordinator.swift:5:8: error: no such module 'UIKit'
  3 | // Enterprise-Grade Application Coordinator for Navigation Flow
  4 | 
  5 | import UIKit
    |        `- error: no such module 'UIKit'
  6 | import SwiftUI
  7 | import Combine
[644/650] Compiling SwiftAI ValidationService.swift
/Users/muhittincamdali/Desktop/Claude Projects/GitHub/SwiftAI/Sources/SwiftAI/Application/Coordinators/AppCoordinator.swift:5:8: error: no such module 'UIKit'
  3 | // Enterprise-Grade Application Coordinator for Navigation Flow
  4 | 
  5 | import UIKit
    |        `- error: no such module 'UIKit'
  6 | import SwiftUI
  7 | import Combine
[645/650] Compiling SwiftAI AIModelRepository.swift
/Users/muhittincamdali/Desktop/Claude Projects/GitHub/SwiftAI/Sources/SwiftAI/Application/Coordinators/AppCoordinator.swift:5:8: error: no such module 'UIKit'
  3 | // Enterprise-Grade Application Coordinator for Navigation Flow
  4 | 
  5 | import UIKit
    |        `- error: no such module 'UIKit'
  6 | import SwiftUI
  7 | import Combine
[646/650] Compiling SwiftAI EncryptionManager.swift
/Users/muhittincamdali/Desktop/Claude Projects/GitHub/SwiftAI/Sources/SwiftAI/Application/Coordinators/AppCoordinator.swift:5:8: error: no such module 'UIKit'
  3 | // Enterprise-Grade Application Coordinator for Navigation Flow
  4 | 
  5 | import UIKit
    |        `- error: no such module 'UIKit'
  6 | import SwiftUI
  7 | import Combine
[647/650] Compiling SwiftAI AICoordinator.swift
/Users/muhittincamdali/Desktop/Claude Projects/GitHub/SwiftAI/Sources/SwiftAI/Application/Coordinators/AppCoordinator.swift:5:8: error: no such module 'UIKit'
  3 | // Enterprise-Grade Application Coordinator for Navigation Flow
  4 | 
  5 | import UIKit
    |        `- error: no such module 'UIKit'
  6 | import SwiftUI
  7 | import Combine
[648/650] Compiling SwiftAI TrainingData.swift
/Users/muhittincamdali/Desktop/Claude Projects/GitHub/SwiftAI/Sources/SwiftAI/Application/Coordinators/AppCoordinator.swift:5:8: error: no such module 'UIKit'
  3 | // Enterprise-Grade Application Coordinator for Navigation Flow
  4 | 
  5 | import UIKit
    |        `- error: no such module 'UIKit'
  6 | import SwiftUI
  7 | import Combine
[649/650] Compiling SwiftAI MLService.swift
/Users/muhittincamdali/Desktop/Claude Projects/GitHub/SwiftAI/Sources/SwiftAI/Application/Coordinators/AppCoordinator.swift:5:8: error: no such module 'UIKit'
  3 | // Enterprise-Grade Application Coordinator for Navigation Flow
  4 | 
  5 | import UIKit
    |        `- error: no such module 'UIKit'
  6 | import SwiftUI
  7 | import Combine
[650/650] Compiling SwiftAI SwiftAI.swift
/Users/muhittincamdali/Desktop/Claude Projects/GitHub/SwiftAI/Sources/SwiftAI/Application/Coordinators/AppCoordinator.swift:5:8: error: no such module 'UIKit'
  3 | // Enterprise-Grade Application Coordinator for Navigation Flow
  4 | 
  5 | import UIKit
    |        `- error: no such module 'UIKit'
  6 | import SwiftUI
  7 | import Combine
